// Jest Snapshot v1, https://goo.gl/fbAQLP

exports[`Pruebas en componente <GifGridItem /> Debe de mostrar en componente correctamente 1`] = `
<div
  className="card animate__animated animate__zoomIn"
>
  <img
    alt="Titulo"
    src="https://localhost/algo.jpg"
  />
  <p>
    Titulo
  </p>
</div>
`;
